// Jest Snapshot v1, https://goo.gl/fbAQLP

exports[`>>>Testing navigation +++Snapshot of navigation 1`] = `
<nav
  aria-label="Pagination"
  className="isolate inline-flex -space-x-px rounded-md shadow-sm"
>
  <a
    aria-label="previous"
    className="relative inline-flex items-center rounded-l-md border border-gray-300 bg-white px-2 py-2 text-sm font-medium text-gray-500 hover:bg-gray-50 focus:z-20"
    onClick={[Function]}
  >
    <span
      className="sr-only"
    >
      Previous
    </span>
    <svg
      aria-hidden="true"
      className="h-5 w-5"
      fill="currentColor"
      viewBox="0 0 20 20"
      xmlns="http://www.w3.org/2000/svg"
    >
      <path
        clipRule="evenodd"
        d="M12.79 5.23a.75.75 0 01-.02 1.06L8.832 10l3.938 3.71a.75.75 0 11-1.04 1.08l-4.5-4.25a.75.75 0 010-1.08l4.5-4.25a.75.75 0 011.06.02z"
        fillRule="evenodd"
      />
    </svg>
  </a>
  <a
    className="relative inline-flex items-center border border-gray-300 bg-white px-4 py-2 text-sm font-medium text-gray-500 hover:bg-gray-50 focus:z-20 false"
    onClick={[Function]}
  >
    1
  </a>
  <a
    className="relative inline-flex items-center border border-gray-300 bg-white px-4 py-2 text-sm font-medium text-gray-500 hover:bg-gray-50 focus:z-20 false"
    onClick={[Function]}
  >
    2
  </a>
  <a
    className="relative inline-flex items-center border border-gray-300 bg-white px-4 py-2 text-sm font-medium text-gray-500 hover:bg-gray-50 focus:z-20 false"
    onClick={[Function]}
  >
    3
  </a>
  <a
    className="relative inline-flex items-center border border-gray-300 bg-white px-4 py-2 text-sm font-medium text-gray-500 hover:bg-gray-50 focus:z-20 false"
    onClick={[Function]}
  >
    4
  </a>
  <a
    className="relative inline-flex items-center border border-gray-300 bg-white px-4 py-2 text-sm font-medium text-gray-500 hover:bg-gray-50 focus:z-20 false"
    onClick={[Function]}
  >
    5
  </a>
  <a
    className="relative inline-flex items-center border border-gray-300 bg-white px-4 py-2 text-sm font-medium text-gray-500 hover:bg-gray-50 focus:z-20 false"
    onClick={[Function]}
  >
    6
  </a>
  <a
    className="relative inline-flex items-center border border-gray-300 bg-white px-4 py-2 text-sm font-medium text-gray-500 hover:bg-gray-50 focus:z-20 false"
    onClick={[Function]}
  >
    7
  </a>
  <a
    className="relative inline-flex items-center border border-gray-300 bg-white px-4 py-2 text-sm font-medium text-gray-500 hover:bg-gray-50 focus:z-20 false"
    onClick={[Function]}
  >
    8
  </a>
  <a
    className="relative inline-flex items-center border border-gray-300 bg-white px-4 py-2 text-sm font-medium text-gray-500 hover:bg-gray-50 focus:z-20 false"
    onClick={[Function]}
  >
    9
  </a>
  <a
    className="relative inline-flex items-center border border-gray-300 bg-white px-4 py-2 text-sm font-medium text-gray-500 hover:bg-gray-50 focus:z-20 false"
    onClick={[Function]}
  >
    10
  </a>
  <a
    className="relative inline-flex items-center border border-gray-300 bg-white px-4 py-2 text-sm font-medium text-gray-500 hover:bg-gray-50 focus:z-20 false"
    onClick={[Function]}
  >
    11
  </a>
  <a
    aria-label="next"
    className="relative inline-flex items-center rounded-r-md border border-gray-300 bg-white px-2 py-2 text-sm font-medium text-gray-500 hover:bg-gray-50 focus:z-20"
    onClick={[Function]}
  >
    <span
      className="sr-only"
    >
      Next
    </span>
    <svg
      aria-hidden="true"
      className="h-5 w-5"
      fill="currentColor"
      viewBox="0 0 20 20"
      xmlns="http://www.w3.org/2000/svg"
    >
      <path
        clipRule="evenodd"
        d="M7.21 14.77a.75.75 0 01.02-1.06L11.168 10 7.23 6.29a.75.75 0 111.04-1.08l4.5 4.25a.75.75 0 010 1.08l-4.5 4.25a.75.75 0 01-1.06-.02z"
        fillRule="evenodd"
      />
    </svg>
  </a>
</nav>
`;
